
> backend@0.0.1 build
> nest build

node.exe : [96msrc/
auth/auth.controller
.ts[0m:[93m30[0m:
[93m56[0m - 
[91merror[0m[90m 
TS2345: 
[0mArgument of 
type 'UserStub' is 
not assignable to 
parameter of type 
'User'.
At C:\Program Files\
nodejs\npm.ps1:29 
char:3
+   & $NODE_EXE 
$NPM_CLI_JS $args
+   ~~~~~~~~~~~~~~~~
~~~~~~~~~~~~~
    + CategoryInfo  
            : NotS  
  pecified: ([96   
 msrc/auth/a...o    
f type 'User'.:    
String) [], Rem    
oteException
    + FullyQualifie 
   dErrorId : Nati  
  veCommandError
 
  Type 'UserStub' 
is missing the 
following 
properties from 
type 'User': 
appliedJobs, 
resume, company, 
savedJobs, and 3 
more.

[7m30[0m     
const token = await 
this.authService.gen
erateToken(u);
[7m  [0m [91m    
                    
                    
           ~[0m
[96msrc/auth/auth.c
ontroller.ts[0m:[9
3m51[0m:[93m58[0m
 - 
[91merror[0m[90m 
TS2345: 
[0mArgument of 
type 'UserStub' is 
not assignable to 
parameter of type 
'User'.
  Type 'UserStub' 
is missing the 
following 
properties from 
type 'User': 
appliedJobs, 
resume, company, 
savedJobs, and 3 
more.

[7m51[0m       
const token = await 
this.authService.gen
erateToken(u);
[7m  [0m [91m    
                    
                    
             ~[0m
[96msrc/auth/auth.s
ervice.ts[0m:[93m2
6[0m:[93m46[0m - 
[91merror[0m[90m 
TS2345: 
[0mArgument of 
type 'string | 
undefined' is not 
assignable to 
parameter of type 
'string'.
  Type 'undefined' 
is not assignable 
to type 'string'.

[7m26[0m     
const match = await 
bcrypt.compare(pass,
 user.password);
[7m  [0m [91m    
                    
                    
 ~~~~~~~~~~~~~[0m
[96msrc/auth/auth.s
ervice.ts[0m:[93m6
1[0m:[93m7[0m - 
[91merror[0m[90m 
TS2740: [0mType 
'UserStub' is 
missing the 
following 
properties from 
type 'User': 
appliedJobs, 
resume, company, 
savedJobs, and 3 
more.

[7m61[0m       
user: userData,
[7m  [0m [91m    
  ~~~~[0m

  [96msrc/auth/auth
.service.ts[0m:[93
m52[0m:[93m24[0m
    [7m52[0m   ): 
Promise<Partial<{ 
user: User; isNew: 
boolean }>> {
    [7m  [0m 
[96m               
        ~~~~[0m
    The expected 
type comes from 
property 'user' 
which is declared 
here on type 
'Partial<{ user: 
User; isNew: 
boolean; }>'
[96msrc/applied/app
lied.controller.ts[
0m:[93m47[0m:[93m
9[0m - 
[91merror[0m[90m 
TS4053: [0mReturn 
type of public 
method from 
exported class has 
or is using name 
'AppliedStub' from 
external module "D:/
cloud-based-ai-resum
e-screening-main/bac
kend/src/applied/app
lied.service" but 
cannot be named.

[7m47[0m   async g
etJobApplications(@P
aram('jobId') 
jobId: string) {
[7m  [0m [91m    
    ~~~~~~~~~~~~~~~~
~~[0m
[96msrc/applied/app
lied.controller.ts[
0m:[93m55[0m:[93m
3[0m - 
[91merror[0m[90m 
TS4053: [0mReturn 
type of public 
method from 
exported class has 
or is using name 
'AppliedStub' from 
external module "D:/
cloud-based-ai-resum
e-screening-main/bac
kend/src/applied/app
lied.service" but 
cannot be named.

[7m55[0m   findOne
(@Param('id') id: 
string) {
[7m  [0m [91m  
~~~~~~~[0m
[96msrc/industry/in
dustry.controller.ts
[0m:[93m11[0m:[9
3m3[0m - 
[91merror[0m[90m 
TS4053: [0mReturn 
type of public 
method from 
exported class has 
or is using name 
'IndustryStub' from 
external module "D:/
cloud-based-ai-resum
e-screening-main/bac
kend/src/industry/in
dustry.service" but 
cannot be named.

[7m11[0m   
create(@Body() 
createIndustryDto: 
CreateIndustryDto) {
[7m  [0m [91m  
~~~~~~[0m
[96msrc/industry/in
dustry.controller.ts
[0m:[93m16[0m:[9
3m3[0m - 
[91merror[0m[90m 
TS4053: [0mReturn 
type of public 
method from 
exported class has 
or is using name 
'IndustryStub' from 
external module "D:/
cloud-based-ai-resum
e-screening-main/bac
kend/src/industry/in
dustry.service" but 
cannot be named.

[7m16[0m   
findAll() {
[7m  [0m [91m  
~~~~~~~[0m
[96msrc/industry/in
dustry.controller.ts
[0m:[93m21[0m:[9
3m3[0m - 
[91merror[0m[90m 
TS4053: [0mReturn 
type of public 
method from 
exported class has 
or is using name 
'IndustryStub' from 
external module "D:/
cloud-based-ai-resum
e-screening-main/bac
kend/src/industry/in
dustry.service" but 
cannot be named.

[7m21[0m   findOne
(@Param('id') id: 
string) {
[7m  [0m [91m  
~~~~~~~[0m
[96msrc/auth/auth.s
ervice.ts[0m:[93m2
1[0m:[93m9[0m - 
[91merror[0m[90m 
TS4053: [0mReturn 
type of public 
method from 
exported class has 
or is using name 
'UserStub' from 
external module "D:/
cloud-based-ai-resum
e-screening-main/bac
kend/src/users/users
.service" but 
cannot be named.

[7m21[0m   async 
signIn(email: 
string, pass: 
string) {
[7m  [0m [91m    
    ~~~~~~[0m
[96msrc/auth/auth.s
ervice.ts[0m:[93m3
3[0m:[93m9[0m - 
[91merror[0m[90m 
TS4053: [0mReturn 
type of public 
method from 
exported class has 
or is using name 
'UserStub' from 
external module "D:/
cloud-based-ai-resum
e-screening-main/bac
kend/src/users/users
.service" but 
cannot be named.

[7m33[0m   async 
signUp(registerDto: 
Record<string, 
string>) {
[7m  [0m [91m    
    ~~~~~~[0m
[96msrc/users/users
.controller.ts[0m:
[93m29[0m:[93m3[0
m - 
[91merror[0m[90m 
TS4053: [0mReturn 
type of public 
method from 
exported class has 
or is using name 
'UserStub' from 
external module "D:/
cloud-based-ai-resum
e-screening-main/bac
kend/src/users/users
.service" but 
cannot be named.

[7m29[0m   
create(@Body() 
createUserDto: 
CreateUserDto) {
[7m  [0m [91m  
~~~~~~[0m
[96msrc/users/users
.controller.ts[0m:
[93m34[0m:[93m3[0
m - 
[91merror[0m[90m 
TS4053: [0mReturn 
type of public 
method from 
exported class has 
or is using name 
'UserStub' from 
external module "D:/
cloud-based-ai-resum
e-screening-main/bac
kend/src/users/users
.service" but 
cannot be named.

[7m34[0m   
findAll() {
[7m  [0m [91m  
~~~~~~~[0m
[96msrc/users/users
.controller.ts[0m:
[93m60[0m:[93m9[0
m - 
[91merror[0m[90m 
TS4053: [0mReturn 
type of public 
method from 
exported class has 
or is using name 
'AppliedStub' from 
external module "D:/
cloud-based-ai-resum
e-screening-main/bac
kend/src/applied/app
lied.service" but 
cannot be named.

[7m60[0m   async g
etApplications(@Req(
) req) {
[7m  [0m [91m    
    
~~~~~~~~~~~~~~~[0m
[96msrc/users/users
.controller.ts[0m:
[93m75[0m:[93m9[0
m - 
[91merror[0m[90m 
TS4053: [0mReturn 
type of public 
method from 
exported class has 
or is using name 
'SavedStub' from 
external module "D:/
cloud-based-ai-resum
e-screening-main/bac
kend/src/saved/saved
.service" but 
cannot be named.

[7m75[0m   async g
etMySavedJobs(@Req()
 req) {
[7m  [0m [91m    
    
~~~~~~~~~~~~~~[0m
[96msrc/users/users
.controller.ts[0m:
[93m113[0m:[93m3[
0m - 
[91merror[0m[90m 
TS4053: [0mReturn 
type of public 
method from 
exported class has 
or is using name 
'UserStub' from 
external module "D:/
cloud-based-ai-resum
e-screening-main/bac
kend/src/users/users
.service" but 
cannot be named.

[7m113[0m   findOn
e(@Param('id') id: 
string) {
[7m   [0m [91m  
~~~~~~~[0m
[96msrc/jobs/jobs.c
ontroller.ts[0m:[9
3m46[0m:[93m3[0m 
- 
[91merror[0m[90m 
TS4053: [0mReturn 
type of public 
method from 
exported class has 
or is using name 
'JobStub' from 
external module "D:/
cloud-based-ai-resum
e-screening-main/bac
kend/src/jobs/jobs.s
ervice" but cannot 
be named.

[7m46[0m   
findAll(@Query() 
queries: 
Record<string, 
string>) {
[7m  [0m [91m  
~~~~~~~[0m
[96msrc/jobs/jobs.c
ontroller.ts[0m:[9
3m72[0m:[93m9[0m 
- 
[91merror[0m[90m 
TS4053: [0mReturn 
type of public 
method from 
exported class has 
or is using name 
'JobStub' from 
external module "D:/
cloud-based-ai-resum
e-screening-main/bac
kend/src/jobs/jobs.s
ervice" but cannot 
be named.

[7m72[0m   async 
findMine(@Req() 
req) {
[7m  [0m [91m    
    ~~~~~~~~[0m
[96msrc/jobs/jobs.c
ontroller.ts[0m:[9
3m85[0m:[93m3[0m 
- 
[91merror[0m[90m 
TS4053: [0mReturn 
type of public 
method from 
exported class has 
or is using name 
'JobStub' from 
external module "D:/
cloud-based-ai-resum
e-screening-main/bac
kend/src/jobs/jobs.s
ervice" but cannot 
be named.

[7m85[0m   findOne
(@Param('id') id: 
string) {
[7m  [0m [91m  
~~~~~~~[0m
[96msrc/companies/c
ompanies.controller.
ts[0m:[93m49[0m:
[93m3[0m - 
[91merror[0m[90m 
TS4053: [0mReturn 
type of public 
method from 
exported class has 
or is using name 
'CompanyStub' from 
external module "D:/
cloud-based-ai-resum
e-screening-main/bac
kend/src/companies/c
ompanies.service" 
but cannot be named.

[7m49[0m   findOne
(@Param('id') id: 
string) {
[7m  [0m [91m  
~~~~~~~[0m

Found 20 error(s).

